1 27
1 48
2 35
4 7
5 9
5 29
6 44
7 49
10 14
11 13
14 33
21 22
22 26
28 45
31 35
38 43
38 50
40 48
43 44
43 49
